Python: 3.13.12 (tags/v3.13.12:1cbe481, Feb  3 2026, 18:22:25) [MSC v.1944 64 bit (AMD64)]
PASS openpyxl 3.1.5: Excel size=4996 bytes
PASS csv: 83 bytes
PASS mock CSV export: 513 bytes
CSV content sample:
wound_type,title,description,is_active,question_order,question_text,is_multiple_choice,answer_text,triage_level
burn,Bo cau hoi bong,Mo ta,true,1,Dien tich vet bong?,false,Duoi 10cm2,green
burn,Bo cau hoi bong,Mo ta,true,1,Dien tich vet bong?,false,Tu 10-50cm2,yellow
burn,Bo cau hoi bong,Mo ta,tr
PASS reportlab 4.4.10: PDF size=1569 bytes
